{"level":"error","message":"ML Client predict failed for EUR/USD: Request failed with status code 404","timestamp":"2026-07-10 13:00:51"}
{"level":"error","message":"ML Client training trigger failed for EUR/USD: Request failed with status code 500","timestamp":"2026-07-10 13:00:53"}
{"code":"ERR_BAD_RESPONSE","config":{"adapter":["xhr","http","fetch"],"allowAbsoluteUrls":true,"baseURL":"http://127.0.0.1:8000","data":"{\"instrument\":\"EUR/USD\",\"granularity\":\"1h\",\"lookback_days\":365,\"model_type\":\"xgboost\"}","env":{},"headers":{"Accept":"application/json, text/plain, */*","Accept-Encoding":"gzip, compress, deflate, br","Content-Length":"86","Content-Type":"application/json","User-Agent":"axios/1.18.1"},"maxBodyLength":-1,"maxContentLength":-1,"method":"post","timeout":15000,"transformRequest":[null],"transformResponse":[null],"transitional":{"advertiseZstdAcceptEncoding":false,"clarifyTimeoutError":false,"forcedJSONParsing":true,"legacyInterceptorReqResOrdering":true,"silentJSONParsing":true,"validateStatusUndefinedResolves":true},"url":"/train","xsrfCookieName":"XSRF-TOKEN","xsrfHeaderName":"X-XSRF-TOKEN"},"isAxiosError":true,"level":"error","message":"Request failed with status code 500","name":"AxiosError","request":{"_closed":true,"_contentLength":86,"_defaultKeepAlive":true,"_ended":true,"_events":{},"_eventsCount":7,"_hasBody":true,"_header":"POST /train HTTP/1.1\r\nAccept: application/json, text/plain, */*\r\nContent-Type: application/json\r\nUser-Agent: axios/1.18.1\r\nContent-Length: 86\r\nAccept-Encoding: gzip, compress, deflate, br\r\nHost: 127.0.0.1:8000\r\nConnection: keep-alive\r\n\r\n","_headerSent":true,"_keepAliveTimeout":0,"_last":false,"_redirectable":{"_currentRequest":"[Circular]","_currentUrl":"http://127.0.0.1:8000/train","_ended":true,"_ending":true,"_events":{"socket":[null,null]},"_eventsCount":4,"_headerFilter":{},"_options":{"agents":{},"beforeRedirects":{},"headers":{"Accept":"application/json, text/plain, */*","Accept-Encoding":"gzip, compress, deflate, br","Content-Length":"86","Content-Type":"application/json","User-Agent":"axios/1.18.1"},"hostname":"127.0.0.1","insecureHTTPParser":false,"maxBodyLength":null,"maxRedirects":21,"method":"POST","nativeProtocols":{"http:":{"METHODS":["ACL","BIND","CHECKOUT","CONNECT","COPY","DELETE","GET","HEAD","LINK","LOCK","M-SEARCH","MERGE","MKACTIVITY","MKCALENDAR","MKCOL","MOVE","NOTIFY","OPTIONS","PATCH","POST","PROPFIND","PROPPATCH","PURGE","PUT","QUERY","REBIND","REPORT","SEARCH","SOURCE","SUBSCRIBE","TRACE","UNBIND","UNLINK","UNLOCK","UNSUBSCRIBE"],"STATUS_CODES":{"100":"Continue","101":"Switching Protocols","102":"Processing","103":"Early Hints","200":"OK","201":"Created","202":"Accepted","203":"Non-Authoritative Information","204":"No Content","205":"Reset Content","206":"Partial Content","207":"Multi-Status","208":"Already Reported","226":"IM Used","300":"Multiple Choices","301":"Moved Permanently","302":"Found","303":"See Other","304":"Not Modified","305":"Use Proxy","307":"Temporary Redirect","308":"Permanent Redirect","400":"Bad Request","401":"Unauthorized","402":"Payment Required","403":"Forbidden","404":"Not Found","405":"Method Not Allowed","406":"Not Acceptable","407":"Proxy Authentication Required","408":"Request Timeout","409":"Conflict","410":"Gone","411":"Length Required","412":"Precondition Failed","413":"Payload Too Large","414":"URI Too Long","415":"Unsupported Media Type","416":"Range Not Satisfiable","417":"Expectation Failed","418":"I'm a Teapot","421":"Misdirected Request","422":"Unprocessable Entity","423":"Locked","424":"Failed Dependency","425":"Too Early","426":"Upgrade Required","428":"Precondition Required","429":"Too Many Requests","431":"Request Header Fields Too Large","451":"Unavailable For Legal Reasons","500":"Internal Server Error","501":"Not Implemented","502":"Bad Gateway","503":"Service Unavailable","504":"Gateway Timeout","505":"HTTP Version Not Supported","506":"Variant Also Negotiates","507":"Insufficient Storage","508":"Loop Detected","509":"Bandwidth Limit Exceeded","510":"Not Extended","511":"Network Authentication Required"},"globalAgent":{"_events":{},"_eventsCount":2,"agentKeepAliveTimeoutBuffer":1000,"defaultPort":80,"freeSockets":{"127.0.0.1:8000:":[{"_closeAfterHandlingError":false,"_events":{"error":[null,null],"timeout":[null,null]},"_eventsCount":6,"_hadError":false,"_host":null,"_httpMessage":null,"_parent":null,"_pendingData":null,"_pendingEncoding":"","_readableState":{"awaitDrainWriters":null,"buffer":[],"bufferIndex":0,"highWaterMark":16384,"length":0,"pipes":[]},"_server":null,"_sockname":null,"_writableState":{"bufferedIndex":0,"corked":0,"highWaterMark":16384,"length":0,"pendingcb":0,"writelen":0},"allowHalfOpen":false,"connecting":false,"parser":null,"server":null,"timeout":5000}]},"keepAlive":true,"keepAliveMsecs":1000,"maxFreeSockets":256,"maxSockets":null,"maxTotalSockets":null,"options":{"keepAlive":true,"noDelay":true,"path":null,"scheduling":"lifo","timeout":5000},"protocol":"http:","requests":{},"scheduling":"lifo","sockets":{},"totalSocketCount":1},"maxHeaderSize":16384},"https:":{"globalAgent":{"_events":{},"_eventsCount":2,"_sessionCache":{"list":[],"map":{}},"agentKeepAliveTimeoutBuffer":1000,"defaultPort":443,"freeSockets":{},"keepAlive":true,"keepAliveMsecs":1000,"maxCachedSessions":100,"maxFreeSockets":256,"maxSockets":null,"maxTotalSockets":null,"options":{"defaultPort":443,"keepAlive":true,"noDelay":true,"path":null,"protocol":"https:","scheduling":"lifo","timeout":5000},"protocol":"https:","requests":{},"scheduling":"lifo","sockets":{},"totalSocketCount":0}}},"path":"/train","pathname":"/train","port":"8000","protocol":"http:","sensitiveHeaders":[]},"_redirectCount":0,"_redirects":[],"_requestBodyBuffers":[],"_requestBodyLength":86,"_timeout":null,"_writableState":{"bufferedIndex":0,"corked":0,"highWaterMark":16384,"length":0,"pendingcb":0,"writelen":0}},"_removedConnection":false,"_removedContLen":false,"_removedTE":false,"_trailer":"","aborted":false,"agent":{"_events":{},"_eventsCount":2,"agentKeepAliveTimeoutBuffer":1000,"defaultPort":80,"freeSockets":{"127.0.0.1:8000:":[{"_closeAfterHandlingError":false,"_events":{"error":[null,null],"timeout":[null,null]},"_eventsCount":6,"_hadError":false,"_host":null,"_httpMessage":null,"_parent":null,"_pendingData":null,"_pendingEncoding":"","_readableState":{"awaitDrainWriters":null,"buffer":[],"bufferIndex":0,"highWaterMark":16384,"length":0,"pipes":[]},"_server":null,"_sockname":null,"_writableState":{"bufferedIndex":0,"corked":0,"highWaterMark":16384,"length":0,"pendingcb":0,"writelen":0},"allowHalfOpen":false,"connecting":false,"parser":null,"server":null,"timeout":5000}]},"keepAlive":true,"keepAliveMsecs":1000,"maxFreeSockets":256,"maxSockets":null,"maxTotalSockets":null,"options":{"keepAlive":true,"noDelay":true,"path":null,"scheduling":"lifo","timeout":5000},"protocol":"http:","requests":{},"scheduling":"lifo","sockets":{},"totalSocketCount":1},"chunkedEncoding":false,"destroyed":true,"finished":true,"host":"127.0.0.1","insecureHTTPParser":false,"maxHeadersCount":null,"maxRequestsOnConnectionReached":false,"method":"POST","outputData":[],"outputSize":0,"parser":null,"path":"/train","protocol":"http:","res":{"_consuming":false,"_dumped":false,"_events":{"end":[null,null]},"_eventsCount":4,"_readableState":{"awaitDrainWriters":null,"buffer":[],"bufferIndex":0,"highWaterMark":16384,"length":0,"pipes":[]},"aborted":false,"client":{"_closeAfterHandlingError":false,"_events":{"error":[null,null],"timeout":[null,null]},"_eventsCount":6,"_hadError":false,"_host":null,"_httpMessage":null,"_parent":null,"_pendingData":null,"_pendingEncoding":"","_readableState":{"awaitDrainWriters":null,"buffer":[],"bufferIndex":0,"highWaterMark":16384,"length":0,"pipes":[]},"_server":null,"_sockname":null,"_writableState":{"bufferedIndex":0,"corked":0,"highWaterMark":16384,"length":0,"pendingcb":0,"writelen":0},"allowHalfOpen":false,"connecting":false,"parser":null,"server":null,"timeout":5000},"complete":true,"httpVersion":"1.1","httpVersionMajor":1,"httpVersionMinor":1,"method":null,"rawHeaders":["date","Fri, 10 Jul 2026 07:30:52 GMT","server","uvicorn","content-length","21","content-type","text/plain; charset=utf-8"],"rawTrailers":[],"redirects":[],"req":"[Circular]","responseUrl":"http://127.0.0.1:8000/train","socket":null,"statusCode":500,"statusMessage":"Internal Server Error","upgrade":false,"url":""},"reusedSocket":true,"sendDate":false,"shouldKeepAlive":true,"strictContentLength":false,"timeoutCb":null,"upgradeOrConnect":false,"useChunkedEncodingByDefault":true,"writable":true},"response":{"config":{"adapter":["xhr","http","fetch"],"allowAbsoluteUrls":true,"baseURL":"http://127.0.0.1:8000","data":"{\"instrument\":\"EUR/USD\",\"granularity\":\"1h\",\"lookback_days\":365,\"model_type\":\"xgboost\"}","env":{},"headers":{"Accept":"application/json, text/plain, */*","Accept-Encoding":"gzip, compress, deflate, br","Content-Length":"86","Content-Type":"application/json","User-Agent":"axios/1.18.1"},"maxBodyLength":-1,"maxContentLength":-1,"method":"post","timeout":15000,"transformRequest":[null],"transformResponse":[null],"transitional":{"advertiseZstdAcceptEncoding":false,"clarifyTimeoutError":false,"forcedJSONParsing":true,"legacyInterceptorReqResOrdering":true,"silentJSONParsing":true,"validateStatusUndefinedResolves":true},"url":"/train","xsrfCookieName":"XSRF-TOKEN","xsrfHeaderName":"X-XSRF-TOKEN"},"data":"Internal Server Error","headers":{"content-length":"21","content-type":"text/plain; charset=utf-8","date":"Fri, 10 Jul 2026 07:30:52 GMT","server":"uvicorn"},"request":{"_closed":true,"_contentLength":86,"_defaultKeepAlive":true,"_ended":true,"_events":{},"_eventsCount":7,"_hasBody":true,"_header":"POST /train HTTP/1.1\r\nAccept: application/json, text/plain, */*\r\nContent-Type: application/json\r\nUser-Agent: axios/1.18.1\r\nContent-Length: 86\r\nAccept-Encoding: gzip, compress, deflate, br\r\nHost: 127.0.0.1:8000\r\nConnection: keep-alive\r\n\r\n","_headerSent":true,"_keepAliveTimeout":0,"_last":false,"_redirectable":{"_currentRequest":"[Circular]","_currentUrl":"http://127.0.0.1:8000/train","_ended":true,"_ending":true,"_events":{"socket":[null,null]},"_eventsCount":4,"_headerFilter":{},"_options":{"agents":{},"beforeRedirects":{},"headers":{"Accept":"application/json, text/plain, */*","Accept-Encoding":"gzip, compress, deflate, br","Content-Length":"86","Content-Type":"application/json","User-Agent":"axios/1.18.1"},"hostname":"127.0.0.1","insecureHTTPParser":false,"maxBodyLength":null,"maxRedirects":21,"method":"POST","nativeProtocols":{"http:":{"METHODS":["ACL","BIND","CHECKOUT","CONNECT","COPY","DELETE","GET","HEAD","LINK","LOCK","M-SEARCH","MERGE","MKACTIVITY","MKCALENDAR","MKCOL","MOVE","NOTIFY","OPTIONS","PATCH","POST","PROPFIND","PROPPATCH","PURGE","PUT","QUERY","REBIND","REPORT","SEARCH","SOURCE","SUBSCRIBE","TRACE","UNBIND","UNLINK","UNLOCK","UNSUBSCRIBE"],"STATUS_CODES":{"100":"Continue","101":"Switching Protocols","102":"Processing","103":"Early Hints","200":"OK","201":"Created","202":"Accepted","203":"Non-Authoritative Information","204":"No Content","205":"Reset Content","206":"Partial Content","207":"Multi-Status","208":"Already Reported","226":"IM Used","300":"Multiple Choices","301":"Moved Permanently","302":"Found","303":"See Other","304":"Not Modified","305":"Use Proxy","307":"Temporary Redirect","308":"Permanent Redirect","400":"Bad Request","401":"Unauthorized","402":"Payment Required","403":"Forbidden","404":"Not Found","405":"Method Not Allowed","406":"Not Acceptable","407":"Proxy Authentication Required","408":"Request Timeout","409":"Conflict","410":"Gone","411":"Length Required","412":"Precondition Failed","413":"Payload Too Large","414":"URI Too Long","415":"Unsupported Media Type","416":"Range Not Satisfiable","417":"Expectation Failed","418":"I'm a Teapot","421":"Misdirected Request","422":"Unprocessable Entity","423":"Locked","424":"Failed Dependency","425":"Too Early","426":"Upgrade Required","428":"Precondition Required","429":"Too Many Requests","431":"Request Header Fields Too Large","451":"Unavailable For Legal Reasons","500":"Internal Server Error","501":"Not Implemented","502":"Bad Gateway","503":"Service Unavailable","504":"Gateway Timeout","505":"HTTP Version Not Supported","506":"Variant Also Negotiates","507":"Insufficient Storage","508":"Loop Detected","509":"Bandwidth Limit Exceeded","510":"Not Extended","511":"Network Authentication Required"},"globalAgent":{"_events":{},"_eventsCount":2,"agentKeepAliveTimeoutBuffer":1000,"defaultPort":80,"freeSockets":{"127.0.0.1:8000:":[{"_closeAfterHandlingError":false,"_events":{"error":[null,null],"timeout":[null,null]},"_eventsCount":6,"_hadError":false,"_host":null,"_httpMessage":null,"_parent":null,"_pendingData":null,"_pendingEncoding":"","_readableState":{"awaitDrainWriters":null,"buffer":[],"bufferIndex":0,"highWaterMark":16384,"length":0,"pipes":[]},"_server":null,"_sockname":null,"_writableState":{"bufferedIndex":0,"corked":0,"highWaterMark":16384,"length":0,"pendingcb":0,"writelen":0},"allowHalfOpen":false,"connecting":false,"parser":null,"server":null,"timeout":5000}]},"keepAlive":true,"keepAliveMsecs":1000,"maxFreeSockets":256,"maxSockets":null,"maxTotalSockets":null,"options":{"keepAlive":true,"noDelay":true,"path":null,"scheduling":"lifo","timeout":5000},"protocol":"http:","requests":{},"scheduling":"lifo","sockets":{},"totalSocketCount":1},"maxHeaderSize":16384},"https:":{"globalAgent":{"_events":{},"_eventsCount":2,"_sessionCache":{"list":[],"map":{}},"agentKeepAliveTimeoutBuffer":1000,"defaultPort":443,"freeSockets":{},"keepAlive":true,"keepAliveMsecs":1000,"maxCachedSessions":100,"maxFreeSockets":256,"maxSockets":null,"maxTotalSockets":null,"options":{"defaultPort":443,"keepAlive":true,"noDelay":true,"path":null,"protocol":"https:","scheduling":"lifo","timeout":5000},"protocol":"https:","requests":{},"scheduling":"lifo","sockets":{},"totalSocketCount":0}}},"path":"/train","pathname":"/train","port":"8000","protocol":"http:","sensitiveHeaders":[]},"_redirectCount":0,"_redirects":[],"_requestBodyBuffers":[],"_requestBodyLength":86,"_timeout":null,"_writableState":{"bufferedIndex":0,"corked":0,"highWaterMark":16384,"length":0,"pendingcb":0,"writelen":0}},"_removedConnection":false,"_removedContLen":false,"_removedTE":false,"_trailer":"","aborted":false,"agent":{"_events":{},"_eventsCount":2,"agentKeepAliveTimeoutBuffer":1000,"defaultPort":80,"freeSockets":{"127.0.0.1:8000:":[{"_closeAfterHandlingError":false,"_events":{"error":[null,null],"timeout":[null,null]},"_eventsCount":6,"_hadError":false,"_host":null,"_httpMessage":null,"_parent":null,"_pendingData":null,"_pendingEncoding":"","_readableState":{"awaitDrainWriters":null,"buffer":[],"bufferIndex":0,"highWaterMark":16384,"length":0,"pipes":[]},"_server":null,"_sockname":null,"_writableState":{"bufferedIndex":0,"corked":0,"highWaterMark":16384,"length":0,"pendingcb":0,"writelen":0},"allowHalfOpen":false,"connecting":false,"parser":null,"server":null,"timeout":5000}]},"keepAlive":true,"keepAliveMsecs":1000,"maxFreeSockets":256,"maxSockets":null,"maxTotalSockets":null,"options":{"keepAlive":true,"noDelay":true,"path":null,"scheduling":"lifo","timeout":5000},"protocol":"http:","requests":{},"scheduling":"lifo","sockets":{},"totalSocketCount":1},"chunkedEncoding":false,"destroyed":true,"finished":true,"host":"127.0.0.1","insecureHTTPParser":false,"maxHeadersCount":null,"maxRequestsOnConnectionReached":false,"method":"POST","outputData":[],"outputSize":0,"parser":null,"path":"/train","protocol":"http:","res":{"_consuming":false,"_dumped":false,"_events":{"end":[null,null]},"_eventsCount":4,"_readableState":{"awaitDrainWriters":null,"buffer":[],"bufferIndex":0,"highWaterMark":16384,"length":0,"pipes":[]},"aborted":false,"client":{"_closeAfterHandlingError":false,"_events":{"error":[null,null],"timeout":[null,null]},"_eventsCount":6,"_hadError":false,"_host":null,"_httpMessage":null,"_parent":null,"_pendingData":null,"_pendingEncoding":"","_readableState":{"awaitDrainWriters":null,"buffer":[],"bufferIndex":0,"highWaterMark":16384,"length":0,"pipes":[]},"_server":null,"_sockname":null,"_writableState":{"bufferedIndex":0,"corked":0,"highWaterMark":16384,"length":0,"pendingcb":0,"writelen":0},"allowHalfOpen":false,"connecting":false,"parser":null,"server":null,"timeout":5000},"complete":true,"httpVersion":"1.1","httpVersionMajor":1,"httpVersionMinor":1,"method":null,"rawHeaders":["date","Fri, 10 Jul 2026 07:30:52 GMT","server","uvicorn","content-length","21","content-type","text/plain; charset=utf-8"],"rawTrailers":[],"redirects":[],"req":"[Circular]","responseUrl":"http://127.0.0.1:8000/train","socket":null,"statusCode":500,"statusMessage":"Internal Server Error","upgrade":false,"url":""},"reusedSocket":true,"sendDate":false,"shouldKeepAlive":true,"strictContentLength":false,"timeoutCb":null,"upgradeOrConnect":false,"useChunkedEncodingByDefault":true,"writable":true},"status":500,"statusText":"Internal Server Error"},"stack":"AxiosError: Request failed with status code 500\n    at settle (D:\\Frerlancing\\Treding Bot\\node_modules\\axios\\dist\\node\\axios.cjs:2216:12)\n    at IncomingMessage.handleStreamEnd (D:\\Frerlancing\\Treding Bot\\node_modules\\axios\\dist\\node\\axios.cjs:4062:11)\n    at IncomingMessage.emit (node:events:520:35)\n    at IncomingMessage.emit (node:domain:489:12)\n    at endReadableNT (node:internal/streams/readable:1729:12)\n    at processTicksAndRejections (node:internal/process/task_queues:90:21)\n    at Axios.request (D:\\Frerlancing\\Treding Bot\\node_modules\\axios\\dist\\node\\axios.cjs:5517:41)\n    at processTicksAndRejections (node:internal/process/task_queues:104:5)\n    at async MLClient.train (D:\\Frerlancing\\Treding Bot\\src\\ml-client\\index.ts:73:24)\n    at async bootstrap (D:\\Frerlancing\\Treding Bot\\src\\index.ts:55:11)","status":500,"timestamp":"2026-07-10 13:00:53"}
{"level":"error","message":"ML Client predict failed for EUR/USD: Request failed with status code 404","timestamp":"2026-07-10 13:10:58"}
{"level":"error","message":"ML Client predict failed for GBP/USD: Request failed with status code 404","timestamp":"2026-07-10 13:11:01"}
{"level":"error","message":"ML Client predict failed for USD/JPY: Request failed with status code 404","timestamp":"2026-07-10 13:11:04"}
{"level":"error","message":"ML Client predict failed for EUR/USD: read ECONNRESET","timestamp":"2026-07-10 13:16:02"}
{"level":"error","message":"ML Client predict failed for GBP/USD: read ECONNRESET","timestamp":"2026-07-10 13:16:16"}
{"level":"error","message":"ML Client predict failed for USD/JPY: read ECONNRESET","timestamp":"2026-07-10 13:16:23"}
{"level":"error","message":"ML Client predict failed for GBP/USD: read ECONNRESET","timestamp":"2026-07-10 13:16:23"}
{"level":"error","message":"ML Client predict failed for GBP/USD: read ECONNRESET","timestamp":"2026-07-10 13:16:30"}
{"level":"error","message":"ML Client predict failed for GBP/USD: read ECONNRESET","timestamp":"2026-07-10 13:16:37"}
{"level":"error","message":"ML Client predict failed for USD/JPY: read ECONNRESET","timestamp":"2026-07-10 13:16:42"}
{"level":"error","message":"ML Client predict failed for GBP/USD: read ECONNRESET","timestamp":"2026-07-10 13:16:44"}
{"level":"error","message":"ML Client predict failed for USD/JPY: read ECONNRESET","timestamp":"2026-07-10 13:16:47"}
{"level":"error","message":"ML Client predict failed for GBP/USD: read ECONNRESET","timestamp":"2026-07-10 13:16:52"}
{"level":"error","message":"ML Client predict failed for GBP/USD: read ECONNRESET","timestamp":"2026-07-10 13:17:00"}
{"level":"error","message":"ML Client predict failed for GBP/USD: read ECONNRESET","timestamp":"2026-07-10 13:17:09"}
{"level":"error","message":"ML Client predict failed for USD/JPY: socket hang up","timestamp":"2026-07-10 13:17:12"}
{"level":"error","message":"ML Client predict failed for GBP/USD: read ECONNRESET","timestamp":"2026-07-10 13:17:17"}
{"level":"error","message":"ML Client predict failed for USD/JPY: socket hang up","timestamp":"2026-07-10 13:17:20"}
{"level":"error","message":"ML Client predict failed for GBP/USD: read ECONNRESET","timestamp":"2026-07-10 13:17:26"}
{"level":"error","message":"ML Client predict failed for GBP/USD: read ECONNRESET","timestamp":"2026-07-10 13:17:34"}
{"level":"error","message":"ML Client predict failed for GBP/USD: read ECONNRESET","timestamp":"2026-07-10 13:17:42"}
{"level":"error","message":"ML Client predict failed for USD/JPY: socket hang up","timestamp":"2026-07-10 13:17:45"}
{"level":"error","message":"ML Client predict failed for GBP/USD: read ECONNRESET","timestamp":"2026-07-10 13:17:50"}
{"level":"error","message":"ML Client predict failed for USD/JPY: read ECONNRESET","timestamp":"2026-07-10 13:17:55"}
{"level":"error","message":"ML Client predict failed for GBP/USD: read ECONNRESET","timestamp":"2026-07-10 13:17:57"}
{"level":"error","message":"ML Client predict failed for GBP/USD: read ECONNRESET","timestamp":"2026-07-10 13:18:05"}
{"level":"error","message":"ML Client predict failed for GBP/USD: read ECONNRESET","timestamp":"2026-07-10 13:18:13"}
{"level":"error","message":"ML Client predict failed for USD/JPY: socket hang up","timestamp":"2026-07-10 13:18:16"}
{"level":"error","message":"ML Client predict failed for GBP/USD: read ECONNRESET","timestamp":"2026-07-10 13:18:22"}
{"level":"error","message":"ML Client predict failed for USD/JPY: read ECONNRESET","timestamp":"2026-07-10 13:18:25"}
{"level":"error","message":"ML Client predict failed for GBP/USD: read ECONNRESET","timestamp":"2026-07-10 13:18:30"}
{"level":"error","message":"ML Client predict failed for GBP/USD: read ECONNRESET","timestamp":"2026-07-10 13:18:38"}
{"level":"error","message":"ML Client predict failed for GBP/USD: read ECONNRESET","timestamp":"2026-07-10 13:18:47"}
{"level":"error","message":"ML Client predict failed for USD/JPY: socket hang up","timestamp":"2026-07-10 13:18:50"}
{"level":"error","message":"ML Client predict failed for GBP/USD: read ECONNRESET","timestamp":"2026-07-10 13:18:59"}
{"level":"error","message":"ML Client predict failed for USD/JPY: socket hang up","timestamp":"2026-07-10 13:19:03"}
{"level":"error","message":"ML Client predict failed for GBP/USD: read ECONNRESET","timestamp":"2026-07-10 13:19:11"}
{"level":"error","message":"ML Client predict failed for GBP/USD: read ECONNRESET","timestamp":"2026-07-10 13:19:20"}
{"level":"error","message":"ML Client predict failed for GBP/USD: read ECONNRESET","timestamp":"2026-07-10 13:19:30"}
{"level":"error","message":"ML Client predict failed for USD/JPY: socket hang up","timestamp":"2026-07-10 13:19:33"}
{"level":"error","message":"Twelve Data candle fetch failed for EUR/USD: Request failed with status code 429. Using cache or simulator...","timestamp":"2026-07-10 13:21:14"}
{"level":"error","message":"Twelve Data candle fetch failed for GBP/USD: Request failed with status code 429. Using cache or simulator...","timestamp":"2026-07-10 13:21:15"}
{"level":"error","message":"Twelve Data candle fetch failed for USD/JPY: Request failed with status code 429. Using cache or simulator...","timestamp":"2026-07-10 13:21:15"}
{"level":"error","message":"Twelve Data quote fetch failed: Request failed with status code 429. Using simulator fallback.","timestamp":"2026-07-10 13:21:16"}
{"level":"error","message":"Twelve Data candle fetch failed for EUR/USD: Request failed with status code 429. Using cache or simulator...","timestamp":"2026-07-10 13:21:16"}
{"level":"error","message":"Twelve Data candle fetch failed for GBP/USD: Request failed with status code 429. Using cache or simulator...","timestamp":"2026-07-10 13:21:17"}
{"level":"error","message":"Twelve Data candle fetch failed for USD/JPY: Request failed with status code 429. Using cache or simulator...","timestamp":"2026-07-10 13:21:17"}
{"level":"error","message":"Twelve Data candle fetch failed for USD/JPY: Request failed with status code 429. Using cache or simulator...","timestamp":"2026-07-10 13:48:19"}
{"level":"error","message":"Twelve Data candle fetch failed for EUR_USD: Request failed with status code 404. Using cache or simulator...","timestamp":"2026-07-10 13:49:09"}
{"level":"error","message":"ML Client predict failed for EUR/USD: connect ECONNREFUSED 127.0.0.1:8000","timestamp":"2026-07-10 13:59:27"}
{"level":"error","message":"ML Client predict failed for GBP/USD: connect ECONNREFUSED 127.0.0.1:8000","timestamp":"2026-07-10 13:59:28"}
{"level":"error","message":"Twelve Data candle fetch failed for USD/JPY: Request failed with status code 429. Using cache or simulator...","timestamp":"2026-07-10 13:59:31"}
{"level":"error","message":"Twelve Data candle fetch failed for EUR_USD: Request failed with status code 404. Using cache or simulator...","timestamp":"2026-07-10 14:00:15"}
{"level":"error","message":"Twelve Data quote fetch failed: Request failed with status code 429. Using simulator fallback.","timestamp":"2026-07-10 14:08:36"}
{"level":"error","message":"Twelve Data candle fetch failed for EUR/USD: Request failed with status code 429. Using cache or simulator...","timestamp":"2026-07-10 14:08:37"}
{"level":"error","message":"Twelve Data candle fetch failed for GBP/USD: Request failed with status code 429. Using cache or simulator...","timestamp":"2026-07-10 14:08:37"}
{"level":"error","message":"Twelve Data candle fetch failed for USD/JPY: Request failed with status code 429. Using cache or simulator...","timestamp":"2026-07-10 14:08:37"}
{"level":"error","message":"Twelve Data candle fetch failed for EUR_USD: Request failed with status code 404. Using cache or simulator...","timestamp":"2026-07-10 14:10:58"}
{"level":"error","message":"Twelve Data candle fetch failed for USD/JPY: Request failed with status code 429. Using cache or simulator...","timestamp":"2026-07-10 14:12:25"}
{"level":"error","message":"Twelve Data candle fetch failed for EUR_USD: Request failed with status code 404. Using cache or simulator...","timestamp":"2026-07-10 14:15:08"}
{"level":"error","message":"Twelve Data candle fetch failed for EUR_USD: Request failed with status code 404. Using cache or simulator...","timestamp":"2026-07-10 14:44:08"}
{"level":"error","message":"Bootstrap failed: Cannot read properties of undefined (reading 'on')","stack":"TypeError: Cannot read properties of undefined (reading 'on')\n    at bootstrap (D:\\Frerlancing\\Treding Bot\\src\\index.ts:27:16)\n    at Object.<anonymous> (D:\\Frerlancing\\Treding Bot\\src\\index.ts:193:1)\n    at Module.<anonymous> (node:internal/modules/cjs/loader:1812:14)\n    at Module._compile (D:\\Frerlancing\\Treding Bot\\node_modules\\source-map-support\\source-map-support.js:521:25)\n    at Module.m._compile (C:\\Users\\admin\\AppData\\Local\\Temp\\ts-node-dev-hook-29568703299648247.js:69:33)\n    at node:internal/modules/cjs/loader:1943:10\n    at require.extensions..jsx.require.extensions..js (C:\\Users\\admin\\AppData\\Local\\Temp\\ts-node-dev-hook-29568703299648247.js:114:20)\n    at require.extensions.<computed> (C:\\Users\\admin\\AppData\\Local\\Temp\\ts-node-dev-hook-29568703299648247.js:71:20)\n    at Object.nodeDevHook [as .ts] (D:\\Frerlancing\\Treding Bot\\node_modules\\ts-node-dev\\lib\\hook.js:63:13)\n    at Module.load (node:internal/modules/cjs/loader:1533:32)","timestamp":"2026-07-13 23:55:05"}
{"level":"error","message":"Bootstrap failed: Cannot read properties of undefined (reading 'on')","stack":"TypeError: Cannot read properties of undefined (reading 'on')\n    at bootstrap (D:\\Frerlancing\\Treding Bot\\src\\index.ts:27:16)\n    at Object.<anonymous> (D:\\Frerlancing\\Treding Bot\\src\\index.ts:193:1)\n    at Module.<anonymous> (node:internal/modules/cjs/loader:1812:14)\n    at Module._compile (D:\\Frerlancing\\Treding Bot\\node_modules\\source-map-support\\source-map-support.js:521:25)\n    at Module.m._compile (C:\\Users\\admin\\AppData\\Local\\Temp\\ts-node-dev-hook-29568703299648247.js:69:33)\n    at node:internal/modules/cjs/loader:1943:10\n    at require.extensions..jsx.require.extensions..js (C:\\Users\\admin\\AppData\\Local\\Temp\\ts-node-dev-hook-29568703299648247.js:114:20)\n    at require.extensions.<computed> (C:\\Users\\admin\\AppData\\Local\\Temp\\ts-node-dev-hook-29568703299648247.js:71:20)\n    at Object.nodeDevHook [as .ts] (D:\\Frerlancing\\Treding Bot\\node_modules\\ts-node-dev\\lib\\hook.js:63:13)\n    at Module.load (node:internal/modules/cjs/loader:1533:32)","timestamp":"2026-07-13 23:55:29"}
{"level":"error","message":"Bootstrap failed: Cannot read properties of undefined (reading 'on')","stack":"TypeError: Cannot read properties of undefined (reading 'on')\n    at bootstrap (D:\\Frerlancing\\Treding Bot\\src\\index.ts:27:16)\n    at Object.<anonymous> (D:\\Frerlancing\\Treding Bot\\src\\index.ts:193:1)\n    at Module.<anonymous> (node:internal/modules/cjs/loader:1812:14)\n    at Module._compile (D:\\Frerlancing\\Treding Bot\\node_modules\\source-map-support\\source-map-support.js:521:25)\n    at Module.m._compile (C:\\Users\\admin\\AppData\\Local\\Temp\\ts-node-dev-hook-29568703299648247.js:69:33)\n    at node:internal/modules/cjs/loader:1943:10\n    at require.extensions..jsx.require.extensions..js (C:\\Users\\admin\\AppData\\Local\\Temp\\ts-node-dev-hook-29568703299648247.js:114:20)\n    at require.extensions.<computed> (C:\\Users\\admin\\AppData\\Local\\Temp\\ts-node-dev-hook-29568703299648247.js:71:20)\n    at Object.nodeDevHook [as .ts] (D:\\Frerlancing\\Treding Bot\\node_modules\\ts-node-dev\\lib\\hook.js:63:13)\n    at Module.load (node:internal/modules/cjs/loader:1533:32)","timestamp":"2026-07-14 00:11:49"}
{"level":"error","message":"ML Client predict failed for EUR/USD: connect ECONNREFUSED 127.0.0.1:8000","timestamp":"2026-07-14 07:24:40"}
{"level":"error","message":"ML Client predict failed for GBP/USD: connect ECONNREFUSED 127.0.0.1:8000","timestamp":"2026-07-14 07:24:55"}
{"level":"error","message":"ML Client predict failed for USD/JPY: connect ECONNREFUSED 127.0.0.1:8000","timestamp":"2026-07-14 07:25:10"}
{"level":"error","message":"ML Client predict failed for EUR/USD: connect ECONNREFUSED 127.0.0.1:8000","timestamp":"2026-07-14 07:25:46"}
{"level":"error","message":"ML Client predict failed for GBP/USD: connect ECONNREFUSED 127.0.0.1:8000","timestamp":"2026-07-14 07:26:21"}
{"level":"error","message":"ML Client predict failed for USD/JPY: connect ECONNREFUSED 127.0.0.1:8000","timestamp":"2026-07-14 07:26:55"}
{"level":"error","message":"ML Client predict failed for EUR/USD: connect ECONNREFUSED 127.0.0.1:8000","timestamp":"2026-07-14 07:27:45"}
{"level":"error","message":"ML Client predict failed for GBP/USD: connect ECONNREFUSED 127.0.0.1:8000","timestamp":"2026-07-14 07:28:55"}
{"level":"error","message":"ML Client predict failed for EUR/USD: connect ECONNREFUSED 127.0.0.1:8000","timestamp":"2026-07-14 07:29:31"}
{"level":"error","message":"ML Client predict failed for USD/JPY: timeout of 15000ms exceeded","timestamp":"2026-07-14 07:30:42"}
{"level":"error","message":"ML Client predict failed for GBP/USD: timeout of 15000ms exceeded","timestamp":"2026-07-14 07:30:42"}
{"level":"error","message":"ML Client predict failed for GBP/USD: read ECONNRESET","timestamp":"2026-07-14 07:32:31"}
{"level":"error","message":"ML Client predict failed for USD/JPY: timeout of 15000ms exceeded","timestamp":"2026-07-14 07:33:06"}
{"level":"error","message":"ML Client predict failed for EUR/USD: timeout of 15000ms exceeded","timestamp":"2026-07-14 07:33:42"}
{"level":"error","message":"ML Client predict failed for USD/JPY: timeout of 15000ms exceeded","timestamp":"2026-07-14 07:34:16"}
{"level":"error","message":"ML Client predict failed for EUR/USD: timeout of 15000ms exceeded","timestamp":"2026-07-14 07:34:52"}
{"level":"error","message":"ML Client predict failed for USD/JPY: read ECONNRESET","timestamp":"2026-07-14 07:36:01"}
{"level":"error","message":"ML Client predict failed for EUR/USD: timeout of 15000ms exceeded","timestamp":"2026-07-14 07:36:37"}
{"level":"error","message":"ML Client predict failed for GBP/USD: timeout of 15000ms exceeded","timestamp":"2026-07-14 07:37:12"}
{"level":"error","message":"ML Client predict failed for EUR/USD: timeout of 15000ms exceeded","timestamp":"2026-07-14 07:38:22"}
{"level":"error","message":"ML Client predict failed for GBP/USD: timeout of 15000ms exceeded","timestamp":"2026-07-14 07:38:56"}
{"level":"error","message":"ML Client predict failed for EUR/USD: timeout of 15000ms exceeded","timestamp":"2026-07-14 07:40:07"}
{"level":"error","message":"ML Client predict failed for GBP/USD: timeout of 15000ms exceeded","timestamp":"2026-07-14 07:40:41"}
{"level":"error","message":"ML Client predict failed for EUR/USD: timeout of 15000ms exceeded","timestamp":"2026-07-14 07:41:53"}
{"level":"error","message":"ML Client predict failed for GBP/USD: timeout of 15000ms exceeded","timestamp":"2026-07-14 07:42:28"}
{"level":"error","message":"ML Client predict failed for EUR/USD: timeout of 15000ms exceeded","timestamp":"2026-07-14 07:43:39"}
{"level":"error","message":"ML Client predict failed for GBP/USD: timeout of 15000ms exceeded","timestamp":"2026-07-14 07:44:14"}
{"level":"error","message":"ML Client predict failed for EUR/USD: timeout of 15000ms exceeded","timestamp":"2026-07-14 07:45:25"}
{"level":"error","message":"ML Client predict failed for GBP/USD: timeout of 15000ms exceeded","timestamp":"2026-07-14 07:46:01"}
{"level":"error","message":"ML Client predict failed for EUR/USD: timeout of 15000ms exceeded","timestamp":"2026-07-14 07:47:12"}
{"level":"error","message":"ML Client predict failed for GBP/USD: timeout of 15000ms exceeded","timestamp":"2026-07-14 07:47:47"}
{"level":"error","message":"ML Client predict failed for EUR/USD: timeout of 15000ms exceeded","timestamp":"2026-07-14 07:48:59"}
{"level":"error","message":"ML Client predict failed for GBP/USD: timeout of 15000ms exceeded","timestamp":"2026-07-14 07:49:34"}
{"level":"error","message":"ML Client predict failed for EUR/USD: timeout of 15000ms exceeded","timestamp":"2026-07-14 07:50:46"}
{"level":"error","message":"ML Client predict failed for GBP/USD: timeout of 15000ms exceeded","timestamp":"2026-07-14 07:51:22"}
{"level":"error","message":"ML Client predict failed for EUR/USD: timeout of 15000ms exceeded","timestamp":"2026-07-14 07:52:34"}
{"level":"error","message":"ML Client predict failed for GBP/USD: timeout of 15000ms exceeded","timestamp":"2026-07-14 07:53:13"}
{"level":"error","message":"ML Client predict failed for EUR/USD: timeout of 15000ms exceeded","timestamp":"2026-07-14 07:54:32"}
{"level":"error","message":"ML Client predict failed for GBP/USD: timeout of 15000ms exceeded","timestamp":"2026-07-14 07:55:12"}
{"level":"error","message":"ML Client predict failed for EUR/USD: timeout of 15000ms exceeded","timestamp":"2026-07-14 07:56:32"}
{"level":"error","message":"ML Client predict failed for GBP/USD: timeout of 15000ms exceeded","timestamp":"2026-07-14 07:57:11"}
{"level":"error","message":"ML Client predict failed for EUR/USD: timeout of 15000ms exceeded","timestamp":"2026-07-14 07:58:31"}
{"level":"error","message":"ML Client predict failed for GBP/USD: timeout of 15000ms exceeded","timestamp":"2026-07-14 07:59:11"}
{"level":"error","message":"ML Client predict failed for EUR/USD: timeout of 15000ms exceeded","timestamp":"2026-07-14 08:00:32"}
{"level":"error","message":"ML Client predict failed for GBP/USD: timeout of 15000ms exceeded","timestamp":"2026-07-14 08:01:12"}
{"level":"error","message":"ML Client predict failed for EUR/USD: timeout of 15000ms exceeded","timestamp":"2026-07-14 08:02:32"}
{"level":"error","message":"ML Client predict failed for GBP/USD: timeout of 15000ms exceeded","timestamp":"2026-07-14 08:03:12"}
{"level":"error","message":"ML Client predict failed for EUR/USD: timeout of 15000ms exceeded","timestamp":"2026-07-14 08:04:33"}
{"level":"error","message":"ML Client predict failed for GBP/USD: timeout of 15000ms exceeded","timestamp":"2026-07-14 08:05:14"}
{"level":"error","message":"ML Client predict failed for EUR/USD: timeout of 15000ms exceeded","timestamp":"2026-07-14 08:06:35"}
{"level":"error","message":"ML Client predict failed for GBP/USD: timeout of 15000ms exceeded","timestamp":"2026-07-14 08:07:15"}
{"level":"error","message":"ML Client predict failed for EUR/USD: timeout of 15000ms exceeded","timestamp":"2026-07-14 08:08:37"}
{"level":"error","message":"ML Client predict failed for GBP/USD: timeout of 15000ms exceeded","timestamp":"2026-07-14 08:09:17"}
{"level":"error","message":"ML Client predict failed for EUR/USD: timeout of 15000ms exceeded","timestamp":"2026-07-14 08:10:39"}
{"level":"error","message":"ML Client predict failed for GBP/USD: timeout of 15000ms exceeded","timestamp":"2026-07-14 08:11:20"}
{"level":"error","message":"ML Client predict failed for EUR/USD: timeout of 15000ms exceeded","timestamp":"2026-07-14 08:12:42"}
{"level":"error","message":"ML Client predict failed for GBP/USD: timeout of 15000ms exceeded","timestamp":"2026-07-14 08:13:24"}
{"level":"error","message":"ML Client predict failed for EUR/USD: timeout of 15000ms exceeded","timestamp":"2026-07-14 08:14:48"}
{"level":"error","message":"ML Client predict failed for GBP/USD: timeout of 15000ms exceeded","timestamp":"2026-07-14 08:15:29"}
{"level":"error","message":"ML Client predict failed for EUR/USD: timeout of 15000ms exceeded","timestamp":"2026-07-14 08:16:51"}
{"level":"error","message":"ML Client predict failed for GBP/USD: timeout of 15000ms exceeded","timestamp":"2026-07-14 08:17:32"}
{"level":"error","message":"ML Client predict failed for EUR/USD: timeout of 15000ms exceeded","timestamp":"2026-07-14 08:18:55"}
{"level":"error","message":"ML Client predict failed for GBP/USD: timeout of 15000ms exceeded","timestamp":"2026-07-14 08:19:36"}
{"level":"error","message":"ML Client predict failed for EUR/USD: timeout of 15000ms exceeded","timestamp":"2026-07-14 08:20:58"}
{"level":"error","message":"ML Client predict failed for GBP/USD: timeout of 15000ms exceeded","timestamp":"2026-07-14 08:21:39"}
{"level":"error","message":"ML Client predict failed for EUR/USD: timeout of 15000ms exceeded","timestamp":"2026-07-14 08:23:03"}
{"level":"error","message":"ML Client predict failed for GBP/USD: timeout of 15000ms exceeded","timestamp":"2026-07-14 08:23:45"}
{"level":"error","message":"ML Client predict failed for EUR/USD: timeout of 15000ms exceeded","timestamp":"2026-07-14 08:25:09"}
{"level":"error","message":"ML Client predict failed for GBP/USD: timeout of 15000ms exceeded","timestamp":"2026-07-14 08:25:51"}
{"level":"error","message":"ML Client predict failed for EUR/USD: timeout of 15000ms exceeded","timestamp":"2026-07-14 08:27:16"}
{"level":"error","message":"ML Client predict failed for GBP/USD: timeout of 15000ms exceeded","timestamp":"2026-07-14 08:27:57"}
{"level":"error","message":"ML Client predict failed for EUR/USD: timeout of 15000ms exceeded","timestamp":"2026-07-14 08:29:21"}
{"level":"error","message":"ML Client predict failed for GBP/USD: timeout of 15000ms exceeded","timestamp":"2026-07-14 08:30:03"}
{"level":"error","message":"ML Client predict failed for EUR/USD: timeout of 15000ms exceeded","timestamp":"2026-07-14 08:31:28"}
{"level":"error","message":"ML Client predict failed for GBP/USD: timeout of 15000ms exceeded","timestamp":"2026-07-14 08:32:10"}
{"level":"error","message":"ML Client predict failed for EUR/USD: timeout of 15000ms exceeded","timestamp":"2026-07-14 08:33:37"}
{"level":"error","message":"ML Client predict failed for GBP/USD: timeout of 15000ms exceeded","timestamp":"2026-07-14 08:34:21"}
{"level":"error","message":"ML Client predict failed for EUR/USD: timeout of 15000ms exceeded","timestamp":"2026-07-14 08:35:13"}
{"level":"error","message":"ML Client predict failed for GBP/USD: timeout of 15000ms exceeded","timestamp":"2026-07-14 08:35:36"}
{"level":"error","message":"ML Client predict failed for EUR/USD: timeout of 15000ms exceeded","timestamp":"2026-07-14 08:36:28"}
{"level":"error","message":"ML Client predict failed for GBP/USD: timeout of 15000ms exceeded","timestamp":"2026-07-14 08:36:56"}
{"level":"error","message":"ML Client predict failed for GBP/USD: read ECONNRESET","timestamp":"2026-07-14 08:37:50"}
{"level":"error","message":"ML Client predict failed for GBP/USD: read ECONNRESET","timestamp":"2026-07-14 08:38:41"}
{"level":"error","message":"Twelve Data candle fetch failed for GBP/USD: Request failed with status code 429. Using cache or simulator...","timestamp":"2026-07-14 08:40:55"}
{"level":"error","message":"MT5 quote fetch failed: Request failed with status code 429. Using simulator fallback.","timestamp":"2026-07-14 08:40:55"}
{"level":"error","message":"Twelve Data candle fetch failed for GBP/USD: Request failed with status code 429. Using cache or simulator...","timestamp":"2026-07-14 08:40:55"}
{"level":"error","message":"MT5 quote fetch failed: Request failed with status code 429. Using simulator fallback.","timestamp":"2026-07-14 08:40:55"}
{"level":"error","message":"ML Client predict failed for GBP/USD: read ECONNRESET","timestamp":"2026-07-14 08:58:02"}
{"level":"error","message":"ML Client predict failed for GBP/USD: read ECONNRESET","timestamp":"2026-07-14 08:58:48"}
{"level":"error","message":"ML Client predict failed for GBP/USD: read ECONNRESET","timestamp":"2026-07-14 09:05:11"}
{"level":"error","message":"Twelve Data candle fetch failed for GBP/USD: Request failed with status code 429. Using cache or simulator...","timestamp":"2026-07-14 09:05:48"}
{"level":"error","message":"Twelve Data candle fetch failed for USD/JPY: Request failed with status code 429. Using cache or simulator...","timestamp":"2026-07-14 09:05:49"}
{"level":"error","message":"MT5 quote fetch failed: Request failed with status code 429. Using simulator fallback.","timestamp":"2026-07-14 09:05:50"}
{"level":"error","message":"MT5 quote fetch failed: Request failed with status code 429. Using simulator fallback.","timestamp":"2026-07-14 09:05:50"}
{"level":"error","message":"MT5 quote fetch failed: Request failed with status code 429. Using simulator fallback.","timestamp":"2026-07-14 09:05:50"}
{"level":"error","message":"MT5 quote fetch failed: Request failed with status code 429. Using simulator fallback.","timestamp":"2026-07-14 09:05:51"}
{"level":"error","message":"MT5 quote fetch failed: Request failed with status code 429. Using simulator fallback.","timestamp":"2026-07-14 09:05:51"}
{"level":"error","message":"MT5 quote fetch failed: Request failed with status code 429. Using simulator fallback.","timestamp":"2026-07-14 09:05:51"}
{"level":"error","message":"MT5 quote fetch failed: Request failed with status code 429. Using simulator fallback.","timestamp":"2026-07-14 09:05:51"}
{"level":"error","message":"MT5 quote fetch failed: Request failed with status code 429. Using simulator fallback.","timestamp":"2026-07-14 09:05:52"}
{"level":"error","message":"MT5 quote fetch failed: Request failed with status code 429. Using simulator fallback.","timestamp":"2026-07-14 09:05:52"}
{"level":"error","message":"MT5 quote fetch failed: Request failed with status code 429. Using simulator fallback.","timestamp":"2026-07-14 09:05:52"}
{"level":"error","message":"MT5 quote fetch failed: Request failed with status code 429. Using simulator fallback.","timestamp":"2026-07-14 09:05:52"}
{"level":"error","message":"MT5 quote fetch failed: Request failed with status code 429. Using simulator fallback.","timestamp":"2026-07-14 09:05:52"}
{"level":"error","message":"MT5 quote fetch failed: Request failed with status code 429. Using simulator fallback.","timestamp":"2026-07-14 09:05:53"}
{"level":"error","message":"MT5 quote fetch failed: Request failed with status code 429. Using simulator fallback.","timestamp":"2026-07-14 09:05:53"}
{"level":"error","message":"MT5 quote fetch failed: Request failed with status code 429. Using simulator fallback.","timestamp":"2026-07-14 09:05:53"}
{"level":"error","message":"MT5 quote fetch failed: Request failed with status code 429. Using simulator fallback.","timestamp":"2026-07-14 09:05:53"}
{"level":"error","message":"MT5 quote fetch failed: Request failed with status code 429. Using simulator fallback.","timestamp":"2026-07-14 09:05:54"}
{"level":"error","message":"MT5 quote fetch failed: Request failed with status code 429. Using simulator fallback.","timestamp":"2026-07-14 09:05:54"}
{"level":"error","message":"MT5 quote fetch failed: Request failed with status code 429. Using simulator fallback.","timestamp":"2026-07-14 09:05:54"}
{"level":"error","message":"MT5 quote fetch failed: Request failed with status code 429. Using simulator fallback.","timestamp":"2026-07-14 09:05:54"}
{"level":"error","message":"MT5 quote fetch failed: Request failed with status code 429. Using simulator fallback.","timestamp":"2026-07-14 09:05:55"}
{"level":"error","message":"MT5 quote fetch failed: Request failed with status code 429. Using simulator fallback.","timestamp":"2026-07-14 09:05:55"}
{"level":"error","message":"MT5 quote fetch failed: Request failed with status code 429. Using simulator fallback.","timestamp":"2026-07-14 09:05:55"}
{"level":"error","message":"MT5 quote fetch failed: Request failed with status code 429. Using simulator fallback.","timestamp":"2026-07-14 09:05:55"}
{"level":"error","message":"MT5 quote fetch failed: Request failed with status code 429. Using simulator fallback.","timestamp":"2026-07-14 09:05:55"}
{"level":"error","message":"MT5 quote fetch failed: Request failed with status code 429. Using simulator fallback.","timestamp":"2026-07-14 09:05:56"}
{"level":"error","message":"MT5 quote fetch failed: Request failed with status code 429. Using simulator fallback.","timestamp":"2026-07-14 09:05:56"}
{"level":"error","message":"MT5 quote fetch failed: Request failed with status code 429. Using simulator fallback.","timestamp":"2026-07-14 09:05:56"}
{"level":"error","message":"MT5 quote fetch failed: Request failed with status code 429. Using simulator fallback.","timestamp":"2026-07-14 09:05:56"}
{"level":"error","message":"MT5 quote fetch failed: Request failed with status code 429. Using simulator fallback.","timestamp":"2026-07-14 09:05:57"}
{"level":"error","message":"MT5 quote fetch failed: Request failed with status code 429. Using simulator fallback.","timestamp":"2026-07-14 09:05:57"}
{"level":"error","message":"MT5 quote fetch failed: Request failed with status code 429. Using simulator fallback.","timestamp":"2026-07-14 09:05:57"}
{"level":"error","message":"MT5 quote fetch failed: Request failed with status code 429. Using simulator fallback.","timestamp":"2026-07-14 09:05:57"}
{"level":"error","message":"MT5 quote fetch failed: Request failed with status code 429. Using simulator fallback.","timestamp":"2026-07-14 09:05:58"}
{"level":"error","message":"MT5 quote fetch failed: Request failed with status code 429. Using simulator fallback.","timestamp":"2026-07-14 09:05:58"}
{"level":"error","message":"MT5 quote fetch failed: Request failed with status code 429. Using simulator fallback.","timestamp":"2026-07-14 09:05:58"}
{"level":"error","message":"MT5 quote fetch failed: Request failed with status code 429. Using simulator fallback.","timestamp":"2026-07-14 09:05:58"}
{"level":"error","message":"MT5 quote fetch failed: Request failed with status code 429. Using simulator fallback.","timestamp":"2026-07-14 09:05:58"}
{"level":"error","message":"MT5 quote fetch failed: Request failed with status code 429. Using simulator fallback.","timestamp":"2026-07-14 09:05:59"}
{"level":"error","message":"[MT5] Failed to get positions: Request failed with status code 500","timestamp":"2026-07-14 09:06:03"}
{"level":"error","message":"[MT5] Failed to get positions: Request failed with status code 500","timestamp":"2026-07-14 09:07:37"}
{"level":"error","message":"ML Client predict failed for GBP/USD: read ECONNRESET","timestamp":"2026-07-14 09:08:06"}
{"code":"UNKNOWN","errno":-4094,"level":"error","message":"Failed to save JSON database state: UNKNOWN: unknown error, open 'D:\\Frerlancing\\Treding Bot\\forex_bot_db.json'","path":"D:\\Frerlancing\\Treding Bot\\forex_bot_db.json","stack":"Error: UNKNOWN: unknown error, open 'D:\\Frerlancing\\Treding Bot\\forex_bot_db.json'\n    at Object.writeFileSync (node:fs:2413:20)\n    at saveState (D:\\Frerlancing\\Treding Bot\\src\\db\\index.ts:46:8)\n    at Object.run (D:\\Frerlancing\\Treding Bot\\src\\db\\index.ts:251:11)\n    at D:\\Frerlancing\\Treding Bot\\src\\data\\priceFeed.ts:237:16\n    at D:\\Frerlancing\\Treding Bot\\src\\db\\index.ts:355:22\n    at PriceFeed.saveCandlesToDb (D:\\Frerlancing\\Treding Bot\\src\\data\\priceFeed.ts:241:5)\n    at PriceFeed.fetchCandles (D:\\Frerlancing\\Treding Bot\\src\\data\\priceFeed.ts:104:12)\n    at processTicksAndRejections (node:internal/process/task_queues:104:5)\n    at Timeout.executionLoop [as _onTimeout] (D:\\Frerlancing\\Treding Bot\\src\\index.ts:102:25)","syscall":"open","timestamp":"2026-07-14 09:10:21"}
{"code":"UNKNOWN","errno":-4094,"level":"error","message":"Failed to save JSON database state: UNKNOWN: unknown error, open 'D:\\Frerlancing\\Treding Bot\\forex_bot_db.json'","path":"D:\\Frerlancing\\Treding Bot\\forex_bot_db.json","stack":"Error: UNKNOWN: unknown error, open 'D:\\Frerlancing\\Treding Bot\\forex_bot_db.json'\n    at Object.writeFileSync (node:fs:2413:20)\n    at saveState (D:\\Frerlancing\\Treding Bot\\src\\db\\index.ts:46:8)\n    at Object.run (D:\\Frerlancing\\Treding Bot\\src\\db\\index.ts:251:11)\n    at D:\\Frerlancing\\Treding Bot\\src\\data\\priceFeed.ts:237:16\n    at D:\\Frerlancing\\Treding Bot\\src\\db\\index.ts:355:22\n    at PriceFeed.saveCandlesToDb (D:\\Frerlancing\\Treding Bot\\src\\data\\priceFeed.ts:241:5)\n    at PriceFeed.fetchCandles (D:\\Frerlancing\\Treding Bot\\src\\data\\priceFeed.ts:104:12)\n    at processTicksAndRejections (node:internal/process/task_queues:104:5)\n    at Timeout.executionLoop [as _onTimeout] (D:\\Frerlancing\\Treding Bot\\src\\index.ts:102:25)","syscall":"open","timestamp":"2026-07-14 09:10:21"}
{"code":"UNKNOWN","errno":-4094,"level":"error","message":"Failed to save JSON database state: UNKNOWN: unknown error, open 'D:\\Frerlancing\\Treding Bot\\forex_bot_db.json'","path":"D:\\Frerlancing\\Treding Bot\\forex_bot_db.json","stack":"Error: UNKNOWN: unknown error, open 'D:\\Frerlancing\\Treding Bot\\forex_bot_db.json'\n    at Object.writeFileSync (node:fs:2413:20)\n    at saveState (D:\\Frerlancing\\Treding Bot\\src\\db\\index.ts:46:8)\n    at Object.run (D:\\Frerlancing\\Treding Bot\\src\\db\\index.ts:251:11)\n    at D:\\Frerlancing\\Treding Bot\\src\\data\\priceFeed.ts:237:16\n    at D:\\Frerlancing\\Treding Bot\\src\\db\\index.ts:355:22\n    at PriceFeed.saveCandlesToDb (D:\\Frerlancing\\Treding Bot\\src\\data\\priceFeed.ts:241:5)\n    at PriceFeed.fetchCandles (D:\\Frerlancing\\Treding Bot\\src\\data\\priceFeed.ts:104:12)\n    at processTicksAndRejections (node:internal/process/task_queues:104:5)\n    at Timeout.executionLoop [as _onTimeout] (D:\\Frerlancing\\Treding Bot\\src\\index.ts:102:25)","syscall":"open","timestamp":"2026-07-14 09:10:22"}
{"level":"error","message":"ML Client predict failed for GBP/USD: timeout of 15000ms exceeded","timestamp":"2026-07-14 09:11:11"}
{"code":"UNKNOWN","errno":-4094,"level":"error","message":"Failed to save JSON database state: UNKNOWN: unknown error, open 'D:\\Frerlancing\\Treding Bot\\forex_bot_db.json'","path":"D:\\Frerlancing\\Treding Bot\\forex_bot_db.json","stack":"Error: UNKNOWN: unknown error, open 'D:\\Frerlancing\\Treding Bot\\forex_bot_db.json'\n    at Object.writeFileSync (node:fs:2413:20)\n    at saveState (D:\\Frerlancing\\Treding Bot\\src\\db\\index.ts:46:8)\n    at Object.run (D:\\Frerlancing\\Treding Bot\\src\\db\\index.ts:251:11)\n    at D:\\Frerlancing\\Treding Bot\\src\\data\\priceFeed.ts:237:16\n    at D:\\Frerlancing\\Treding Bot\\src\\db\\index.ts:355:22\n    at PriceFeed.saveCandlesToDb (D:\\Frerlancing\\Treding Bot\\src\\data\\priceFeed.ts:241:5)\n    at PriceFeed.fetchCandles (D:\\Frerlancing\\Treding Bot\\src\\data\\priceFeed.ts:104:12)\n    at processTicksAndRejections (node:internal/process/task_queues:104:5)\n    at Timeout.executionLoop [as _onTimeout] (D:\\Frerlancing\\Treding Bot\\src\\index.ts:106:30)","syscall":"open","timestamp":"2026-07-14 09:11:18"}
